---
source: src/project/tests.rs
expression: yaml
---
version: 1
output_folder: /tmp/out
output:
  width: 1920
  height: 1080
  fps: 30
  codec: h264
  format: mp4
  crf: 23
  preset: medium
scenes:
- id: main
  objects:
  - type: audio
    id: bgm
    file: /path/bgm.mp3
    start: 0.0
    duration: 0.0
    volume: 30
    fade_in: 1.0
    loop: loop
entries: []
